ELF Header:
  Magic:   7f 45 4c 46 02 01 01 00 00 00 00 00 00 00 00 00
  Class:                             ELF64
  Data:                              2's complement, little endian
  Version:                           1 (current)
  OS/ABI:                            UNIX - System V
  ABI Version:                       0
  Type:                              DYN (Shared object file)
  Machine:                           Advanced Micro Devices X86-64
  Version:                           0x1
  Entry point address:               0x0
  Start of program headers:          64 (bytes into file)
  Start of section headers:          17681896 (bytes into file)
  Flags:                             0x0
  Size of this header:               64 (bytes)
  Size of program headers:           56 (bytes)
  Number of program headers:         10
  Size of section headers:           64 (bytes)
  Number of section headers:         26
  Section header string table index: 25

Elf file type is DYN (Shared object file)
Entry point 0x0
There are 10 program headers, starting at offset 64

Program Headers:
  Type           Offset   VirtAddr           PhysAddr           FileSiz  MemSiz   Flg Align
  PHDR           0x000040 0x0000000000000040 0x0000000000000040 0x000230 0x000230 R   0x8
  LOAD           0x000000 0x0000000000000000 0x0000000000000000 0x3ec8c0 0x3ec8c0 R   0x4000
  LOAD           0x3ec8c0 0x00000000003f08c0 0x00000000003f08c0 0xc4e520 0xc4e520 R E 0x4000
  LOAD           0x103ade0 0x0000000001042de0 0x0000000001042de0 0x098610 0x099220 RW  0x4000
  LOAD           0x10d33f0 0x00000000010df3f0 0x00000000010df3f0 0x0097f8 0x00a6c0 RW  0x4000
  DYNAMIC        0x10c9780 0x00000000010d1780 0x00000000010d1780 0x0001a0 0x0001a0 RW  0x8
  GNU_RELRO      0x103ade0 0x0000000001042de0 0x0000000001042de0 0x098610 0x099220 R   0x1
  GNU_EH_FRAME   0x293988 0x0000000000293988 0x0000000000293988 0x02d0fc 0x02d0fc R   0x4
  GNU_STACK      0x000000 0x0000000000000000 0x0000000000000000 0x000000 0x000000 RW  0x0
  NOTE           0x000270 0x0000000000000270 0x0000000000000270 0x000098 0x000098 R   0x4

 Section to Segment mapping:
  Segment Sections...
   00     
   01     .note.android.ident .dynsym .gnu.version .gnu.version_r .gnu.hash .dynstr .rela.dyn .rela.plt .gcc_except_table .rodata .eh_frame_hdr .eh_frame 
   02     .text .plt 
   03     .data.rel.ro .fini_array .init_array .dynamic .got .got.plt .relro_padding 
   04     .data .bss 
   05     .dynamic 
   06     .data.rel.ro .fini_array .init_array .dynamic .got .got.plt .relro_padding 
   07     .eh_frame_hdr 
   08     
   09     .note.android.ident 
   None   .comment .shstrtab 
