ELF Header:
  Magic:   7f 45 4c 46 02 01 01 00 00 00 00 00 00 00 00 00
  Class:                             ELF64
  Data:                              2's complement, little endian
  Version:                           1 (current)
  OS/ABI:                            UNIX - System V
  ABI Version:                       0
  Type:                              DYN (Shared object file)
  Machine:                           AArch64
  Version:                           0x1
  Entry point address:               0x0
  Start of program headers:          64 (bytes into file)
  Start of section headers:          15051056 (bytes into file)
  Flags:                             0x0
  Size of this header:               64 (bytes)
  Size of program headers:           56 (bytes)
  Number of program headers:         10
  Size of section headers:           64 (bytes)
  Number of section headers:         26
  Section header string table index: 25

Elf file type is DYN (Shared object file)
Entry point 0x0
There are 10 program headers, starting at offset 64

Program Headers:
  Type           Offset   VirtAddr           PhysAddr           FileSiz  MemSiz   Flg Align
  PHDR           0x000040 0x0000000000000040 0x0000000000000040 0x000230 0x000230 R   0x8
  LOAD           0x000000 0x0000000000000000 0x0000000000000000 0x3934ec 0x3934ec R   0x4000
  LOAD           0x393500 0x0000000000397500 0x0000000000397500 0xa3f630 0xa3f630 R E 0x4000
  LOAD           0xdd2b30 0x0000000000ddab30 0x0000000000ddab30 0x07e538 0x07f4d0 RW  0x4000
  LOAD           0xe51068 0x0000000000e5d068 0x0000000000e5d068 0x0096c8 0x00a520 RW  0x4000
  DYNAMIC        0xe4f370 0x0000000000e57370 0x0000000000e57370 0x0001a0 0x0001a0 RW  0x8
  GNU_RELRO      0xdd2b30 0x0000000000ddab30 0x0000000000ddab30 0x07e538 0x07f4d0 R   0x1
  GNU_EH_FRAME   0x23556c 0x000000000023556c 0x000000000023556c 0x02c0fc 0x02c0fc R   0x4
  GNU_STACK      0x000000 0x0000000000000000 0x0000000000000000 0x000000 0x000000 RW  0x0
  NOTE           0x000270 0x0000000000000270 0x0000000000000270 0x000098 0x000098 R   0x4

 Section to Segment mapping:
  Segment Sections...
   00     
   01     .note.android.ident .dynsym .gnu.version .gnu.version_r .gnu.hash .dynstr .rela.dyn .rela.plt .gcc_except_table .rodata .eh_frame_hdr .eh_frame 
   02     .text .plt 
   03     .data.rel.ro .fini_array .init_array .dynamic .got .got.plt .relro_padding 
   04     .data .bss 
   05     .dynamic 
   06     .data.rel.ro .fini_array .init_array .dynamic .got .got.plt .relro_padding 
   07     .eh_frame_hdr 
   08     
   09     .note.android.ident 
   None   .comment .shstrtab 
Dynamic section at offset 0xe4f370 contains 26 entries:
  Tag                Type           Name/Value
  0x0000000000000001 (NEEDED)       Shared library: [libdl.so]
  0x0000000000000001 (NEEDED)       Shared library: [libm.so]
  0x0000000000000001 (NEEDED)       Shared library: [libc.so]
  0x000000000000001e (FLAGS)        BIND_NOW 
  0x000000006ffffffb (FLAGS_1)      NOW 
  0x0000000000000007 (RELA)         0x1bc0
  0x0000000000000008 (RELASZ)       692472 (bytes)
  0x0000000000000009 (RELAENT)      24 (bytes)
  0x000000006ffffff9 (RELACOUNT)    28825
  0x0000000000000017 (JMPREL)       0xaacb8
  0x0000000000000002 (PLTRELSZ)     3096 (bytes)
  0x0000000000000003 (PLTGOT)       0xe58c48
  0x0000000000000014 (PLTREL)       RELA
  0x0000000000000006 (SYMTAB)       0x308
  0x000000000000000b (SYMENT)       24 (bytes)
  0x0000000000000005 (STRTAB)       0x1354
  0x000000000000000a (STRSZ)        2149 (bytes)
  0x000000006ffffef5 (GNU_HASH)     0x12e8
  0x0000000000000019 (INIT_ARRAY)   0xe57330
  0x000000000000001b (INIT_ARRAYSZ) 64 (bytes)
  0x000000000000001a (FINI_ARRAY)   0xe57320
  0x000000000000001c (FINI_ARRAYSZ) 16 (bytes)
  0x000000006ffffff0 (VERSYM)       0x1148
  0x000000006ffffffe (VERNEED)      0x1278
  0x000000006fffffff (VERNEEDNUM)   3
  0x0000000000000000 (NULL)         0x0
