   Compiling proc-macro2 v1.0.107
   Compiling quote v1.0.47
   Compiling syn v2.0.119
   Compiling zeroize_derive v1.5.0
   Compiling zeroize v1.9.0
   Compiling typenum v1.20.1
   Compiling syn v3.0.5
   Compiling version_check v0.9.5
   Compiling subtle v2.6.1
   Compiling getrandom v0.2.17
   Compiling rand_core v0.6.4
   Compiling generic-array v0.14.7
   Compiling rand_core v0.10.1
   Compiling crypto-common v0.1.7
   Compiling autocfg v1.5.1
   Compiling serde_core v1.0.229
   Compiling getrandom v0.4.3
   Compiling const-oid v0.9.6
   Compiling serde v1.0.229
   Compiling serde_derive v1.0.229
   Compiling pin-project-lite v0.2.17
   Compiling block-buffer v0.10.4
   Compiling cmov v0.5.4
   Compiling ctutils v0.4.2
   Compiling digest v0.10.7
   Compiling thiserror v2.0.20
   Compiling semver v1.0.28
   Compiling rustc_version v0.4.1
   Compiling hybrid-array v0.4.15
   Compiling thiserror-impl v2.0.20
   Compiling syn v1.0.109
   Compiling keccak v0.2.2
   Compiling futures-io v0.3.34
   Compiling libm v0.2.16
   Compiling num-traits v0.2.19
   Compiling futures-sink v0.3.34
   Compiling futures-core v0.3.34
   Compiling ident_case v1.0.1
   Compiling cpufeatures v0.2.17
   Compiling crypto-common v0.2.2
   Compiling smallvec v1.16.1
   Compiling sponge-cursor v0.1.0
   Compiling cpufeatures v0.3.1
   Compiling slab v0.4.12
   Compiling once_cell v1.21.4
   Compiling futures-channel v0.3.34
   Compiling futures-macro v0.3.34
   Compiling synstructure v0.13.2
   Compiling futures-task v0.3.34
   Compiling base64ct v1.8.3
   Compiling pem-rfc7468 v0.7.0
   Compiling futures-util v0.3.34
   Compiling heck v0.5.0
   Compiling void v1.0.2
   Compiling strum_macros v0.28.0
   Compiling block-buffer v0.12.1
   Compiling winnow v1.0.4
   Compiling zerocopy v0.8.57
   Compiling paste v1.0.15
   Compiling toml_parser v1.1.3+spec-1.1.0
   Compiling strum v0.28.0
   Compiling unicode-segmentation v1.13.3
   Compiling log v0.4.34
   Compiling toml_datetime v1.1.1+spec-1.1.0
   Compiling toml_edit v0.25.15+spec-1.1.0
   Compiling convert_case v0.10.0
   Compiling futures-executor v0.3.34
   Compiling der v0.7.10
   Compiling tracing-core v0.1.36
   Compiling fnv v1.0.7
   Compiling unicode-xid v0.2.6
   Compiling derive_more-impl v2.1.1
   Compiling spki v0.7.3
   Compiling futures v0.3.34
   Compiling ppv-lite86 v0.2.21
