   Compiling nomessages v0.1.0 (/root/projects/nomessages/native)
warning: constant `MAX_STATE` is never used
 --> src/wire.rs:3:11
  |
3 | pub const MAX_STATE: usize = 16 * 1024 * 1024;
  |           ^^^^^^^^^
  |
  = note: `#[warn(dead_code)]` (part of `#[warn(unused)]`) on by default

warning: constant `MAX_FRAME` is never used
 --> src/wire.rs:5:11
  |
5 | pub const MAX_FRAME: usize = 4 + 16 * 1024;
  |           ^^^^^^^^^

warning: struct `Reader` is never constructed
 --> src/wire.rs:7:12
  |
7 | pub struct Reader<'a> {
  |            ^^^^^^

warning: associated items `new`, `u32`, `bytes`, `list`, and `finish` are never used
  --> src/wire.rs:12:12
   |
11 | impl<'a> Reader<'a> {
   | ------------------- associated items in this implementation
12 |     pub fn new(data: &'a [u8]) -> Result<Self> {
   |            ^^^
...
16 |     pub fn u32(&mut self) -> Result<u32> {
   |            ^^^
...
25 |     pub fn bytes(&mut self, cap: usize) -> Result<&'a [u8]> {
   |            ^^^^^
...
35 |     pub fn list(&mut self, count_cap: usize, item_cap: usize) -> Result<Vec<Vec<u8>>> {
   |            ^^^^
...
42 |     pub fn finish(self) -> Result<()> {
   |            ^^^^^^

warning: function `put_u32` is never used
  --> src/wire.rs:47:8
   |
47 | pub fn put_u32(out: &mut Vec<u8>, n: usize) {
   |        ^^^^^^^

warning: function `put_bytes` is never used
  --> src/wire.rs:50:8
   |
50 | pub fn put_bytes(out: &mut Vec<u8>, value: &[u8]) {
   |        ^^^^^^^^^

warning: `nomessages` (lib) generated 6 warnings
warning: constant `MAX_FRAME` is never used
 --> src/wire.rs:5:11
  |
5 | pub const MAX_FRAME: usize = 4 + 16 * 1024;
  |           ^^^^^^^^^
  |
  = note: `#[warn(dead_code)]` (part of `#[warn(unused)]`) on by default

warning: method `list` is never used
  --> src/wire.rs:35:12
   |
11 | impl<'a> Reader<'a> {
   | ------------------- method in this implementation
...
35 |     pub fn list(&mut self, count_cap: usize, item_cap: usize) -> Result<Vec<Vec<u8>>> {
   |            ^^^^

warning: `nomessages` (lib test) generated 4 warnings (2 duplicates)
    Finished `test` profile [unoptimized] target(s) in 11.95s
     Running unittests src/lib.rs (/tmp/nomessages-libsodium122-target/debug/deps/nomessages-8ac125ac8bc7d156)

running 10 tests
test crypto::tests::allocation_limits_are_rejected_before_work ... ok
test crypto::tests::argon2id_rejects_parameters_outside_the_contract ... ok
test crypto::tests::argon2id_uses_exact_memory_iterations_and_parallelism ... ok
test crypto::tests::ed25519_matches_rfc8032_test_vector_one ... ok
test crypto::tests::ed25519_rejects_tampering_and_bad_lengths ... ok
test crypto::tests::keyed_blake2b_256_matches_independent_vector ... ok
test crypto::tests::random_and_generated_signing_keys_have_contract_lengths ... ok
test crypto::tests::sha256_matches_fips_vector ... ok
test crypto::tests::xchacha_rejects_bad_key_and_truncated_input ... ok
test crypto::tests::xchacha_round_trip_binds_aad_and_rejects_tampering ... ok

test result: ok. 10 passed; 0 failed; 0 ignored; 0 measured; 1 filtered out; finished in 7.68s

     Running tests/mls_roundtrip.rs (/tmp/nomessages-libsodium122-target/debug/deps/mls_roundtrip-8b411ad684bf4e0c)

running 0 tests

test result: ok. 0 passed; 0 failed; 0 ignored; 0 measured; 0 filtered out; finished in 0.01s

     Running tests/tor_live.rs (/tmp/nomessages-libsodium122-target/debug/deps/tor_live-b9c6953d44aac990)

running 0 tests

test result: ok. 0 passed; 0 failed; 0 ignored; 0 measured; 0 filtered out; finished in 0.00s

