   Compiling proc-macro2 v1.0.107
   Compiling unicode-ident v1.0.24
   Compiling quote v1.0.47
   Compiling libc v0.2.189
   Compiling cfg-if v1.0.4
   Compiling typenum v1.20.1
   Compiling version_check v0.9.5
   Compiling subtle v2.6.1
   Compiling generic-array v0.14.7
   Compiling rand_core v0.10.1
   Compiling autocfg v1.5.1
   Compiling serde_core v1.0.229
   Compiling getrandom v0.4.3
   Compiling syn v2.0.119
   Compiling syn v3.0.5
   Compiling getrandom v0.2.17
   Compiling rand_core v0.6.4
   Compiling memchr v2.8.3
   Compiling const-oid v0.9.6
   Compiling shlex v2.0.1
   Compiling find-msvc-tools v0.1.12
   Compiling jobserver v0.1.35
   Compiling serde v1.0.229
   Compiling cc v1.4.6
   Compiling pin-project-lite v0.2.17
   Compiling thiserror v2.0.20
   Compiling cmov v0.5.4
   Compiling ctutils v0.4.2
   Compiling semver v1.0.28
   Compiling rustc_version v0.4.1
   Compiling equivalent v1.0.2
   Compiling syn v1.0.109
   Compiling futures-io v0.3.34
   Compiling libm v0.2.16
   Compiling num-traits v0.2.19
   Compiling serde_derive v1.0.229
   Compiling zeroize_derive v1.5.0
   Compiling thiserror-impl v2.0.20
   Compiling ident_case v1.0.1
   Compiling futures-core v0.3.34
   Compiling futures-sink v0.3.34
   Compiling zeroize v1.9.0
   Compiling crypto-common v0.1.7
   Compiling block-buffer v0.10.4
   Compiling digest v0.10.7
   Compiling hybrid-array v0.4.15
   Compiling cpufeatures v0.2.17
   Compiling smallvec v1.16.1
   Compiling slab v0.4.12
   Compiling hashbrown v0.17.1
   Compiling crypto-common v0.2.2
   Compiling indexmap v2.14.2
   Compiling futures-channel v0.3.34
   Compiling futures-macro v0.3.34
   Compiling synstructure v0.13.2
   Compiling base64ct v1.8.3
   Compiling futures-task v0.3.34
   Compiling once_cell v1.21.4
   Compiling pem-rfc7468 v0.7.0
   Compiling block-buffer v0.12.1
   Compiling heck v0.5.0
   Compiling zerocopy v0.8.57
   Compiling strum_macros v0.28.0
   Compiling log v0.4.34
   Compiling unicode-segmentation v1.13.3
   Compiling futures-util v0.3.34
   Compiling convert_case v0.10.0
   Compiling der v0.7.10
   Compiling tracing-core v0.1.36
   Compiling unicode-xid v0.2.6
   Compiling fnv v1.0.7
   Compiling winnow v1.0.4
   Compiling paste v1.0.15
   Compiling toml_parser v1.1.3+spec-1.1.0
   Compiling futures-executor v0.3.34
   Compiling derive_more-impl v2.1.1
   Compiling spki v0.7.3
   Compiling futures v0.3.34
   Compiling tracing-attributes v0.1.31
   Compiling toml_datetime v1.1.1+spec-1.1.0
   Compiling void v1.0.2
   Compiling toml_edit v0.25.15+spec-1.1.0
   Compiling ppv-lite86 v0.2.21
   Compiling num-integer v0.1.47
   Compiling pkcs8 v0.10.2
   Compiling cpufeatures v0.3.1
   Compiling chacha20 v0.10.2
   Compiling bytes v1.12.1
   Compiling tracing v0.1.44
   Compiling rand v0.10.2
   Compiling num-bigint v0.4.8
   Compiling proc-macro-crate v3.5.0
   Compiling displaydoc v0.2.7
   Compiling const-oid v0.10.2
   Compiling either v1.18.0
   Compiling humantime v2.4.0
   Compiling enum-ordinalize v3.1.15
   Compiling digest v0.11.3
   Compiling keccak v0.2.2
   Compiling sponge-cursor v0.1.0
   Compiling static_assertions v1.1.0
   Compiling derive-deftly-macros v1.11.5
   Compiling web-time-compat v0.2.1
   Compiling itertools v0.15.0
   Compiling sha3 v0.12.0
   Compiling retry-error v0.13.1
   Compiling strum v0.28.0
   Compiling educe v0.4.23
   Compiling sha2 v0.10.9
   Compiling signature v2.2.0
   Compiling strsim v0.10.0
   Compiling darling_core v0.14.4
   Compiling derive_more v2.1.1
   Compiling tor-error v0.46.0
   Compiling hex v0.4.3
   Compiling rand_chacha v0.10.0
   Compiling darling_macro v0.14.4
   Compiling spin v0.9.9
   Compiling lazy_static v1.5.0
   Compiling ring v0.17.14
   Compiling curve25519-dalek v4.1.3
   Compiling darling v0.14.4
   Compiling errno v0.3.14
   Compiling crossbeam-utils v0.8.23
   Compiling regex-syntax v0.8.11
   Compiling derive_builder_core_fork_arti v0.11.2
   Compiling keccak v0.1.6
   Compiling regex-automata v0.4.18
   Compiling derive_builder_macro_fork_arti v0.11.2
   Compiling derive-deftly v1.11.5
   Compiling rand_chacha v0.3.1
   Compiling mio v1.2.3
   Compiling foldhash v0.2.0
   Compiling untrusted v0.9.0
   Compiling hashbrown v0.16.1
   Compiling derive_builder_fork_arti v0.11.2
   Compiling signal-hook-registry v1.4.8
   Compiling amplify_syn v2.0.1
   Compiling rustls-pki-types v1.15.1
   Compiling pin-project-internal v1.1.13
   Compiling tokio-macros v2.7.2
   Compiling socket2 v0.6.5
   Compiling rustls v0.23.44
   Compiling minimal-lexical v0.2.1
   Compiling byteorder v1.5.0
   Compiling base16ct v0.2.0
   Compiling num-bigint-dig v0.8.6
   Compiling pin-project v1.1.13
   Compiling sec1 v0.7.3
   Compiling merlin v3.0.0
   Compiling nom v7.1.3
   Compiling rustls-webpki v0.103.15
   Compiling tokio v1.53.1
   Compiling amplify_derive v4.0.1
   Compiling num-iter v0.1.46
   Compiling rand v0.8.8
   Compiling ed25519 v2.2.3
   Compiling inout v0.2.2
   Compiling inout v0.1.4
   Compiling async_executors v0.7.0
   Compiling option-ext v0.2.0
   Compiling ascii v1.1.0
   Compiling thiserror v1.0.69
   Compiling amplify_num v0.5.4
   Compiling dirs-sys v0.5.0
   Compiling cipher v0.4.4
   Compiling cipher v0.5.2
   Compiling ed25519-dalek v2.2.0
   Compiling rusticata-macros v4.1.0
   Compiling amplify v4.9.0
   Compiling x25519-dalek v2.0.1
   Compiling tor-memquota-cost v0.46.0
   Compiling tor-general-addr v0.46.0
   Compiling pkcs1 v0.7.5
   Compiling zerofrom-derive v0.1.7
   Compiling asn1-rs-derive v0.6.0
   Compiling thiserror-impl v1.0.69
   Compiling asn1-rs-impl v0.2.0
   Compiling blanket v0.3.0
   Compiling cpubits v0.1.1
   Compiling bitflags v2.13.2
   Compiling parking_lot_core v0.9.12
   Compiling asn1-rs v0.7.2
   Compiling futures-rustls v0.26.0
   Compiling zerofrom v0.1.8
   Compiling rsa v0.9.10
   Compiling tokio-util v0.7.19
   Compiling weak-table v0.4.0
   Compiling sha3 v0.10.9
   Compiling asynchronous-codec v0.7.0
   Compiling cookie-factory v0.3.3
   Compiling yoke-derive v0.8.2
   Compiling extend v1.2.0
   Compiling async-trait v0.1.92
   Compiling coarsetime v0.1.37
   Compiling slotmap v1.1.1
   Compiling dyn-clone v1.0.20
   Compiling stable_deref_trait v1.2.1
   Compiling fluid-let v1.0.0
   Compiling scopeguard v1.2.0
   Compiling lock_api v0.4.14
   Compiling safelog v0.9.0
   Compiling der-parser v10.0.0
   Compiling yoke v0.8.3
   Compiling aes v0.9.3
   Compiling ctr v0.10.1
   Compiling tor-rtcompat v0.46.0
   Compiling dirs v6.0.0
   Compiling sha1 v0.10.7
   Compiling visibility v0.1.1
   Compiling rdrand v0.9.0
   Compiling reseeding_rng v0.10.7
   Compiling rand_jitter v0.6.1
   Compiling same-file v1.0.6
   Compiling inotify-sys v0.1.8
   Compiling pkg-config v0.3.34
   Compiling tor-llcrypto v0.46.0
   Compiling walkdir v2.5.0
   Compiling parking_lot v0.12.5
   Compiling tor-basic-utils v0.46.0
   Compiling crossbeam-queue v0.3.14
   Compiling toml_datetime v0.6.11
   Compiling serde_spanned v0.6.9
   Compiling zerovec-derive v0.11.6
   Compiling uncased v0.9.10
   Compiling atomic v0.5.3
   Compiling winnow v0.7.15
   Compiling toml_write v0.1.2
   Compiling postage v0.5.0
   Compiling slotmap-careful v0.8.1
   Compiling regex v1.13.1
   Compiling oneshot-fused-workaround v0.7.1
   Compiling figment v0.10.19
   Compiling zerovec v0.11.8
   Compiling toml_edit v0.22.27
   Compiling inotify v0.11.5
   Compiling fs-mistrust v0.15.1
   Compiling tor-bytes v0.46.0
   Compiling notify-types v2.1.0
   Compiling toml v0.8.23
   Compiling ordered-float v2.10.1
   Compiling serde_spanned v1.1.1
   Compiling strsim v0.11.1
   Compiling caret v0.10.1
   Compiling sync_wrapper v1.0.2
   Compiling toml_writer v1.1.2+spec-1.1.0
   Compiling tor-async-utils v0.46.0
   Compiling darling_core v0.24.1
   Compiling toml v1.1.6+spec-1.1.0
   Compiling serde-value v0.7.0
   Compiling notify v8.2.0
   Compiling humantime-serde v1.1.1
   Compiling serde_ignored v0.1.14
   Compiling tor-config v0.46.0
   Compiling darling_macro v0.24.1
   Compiling tinystr v0.8.4
   Compiling tor-log-ratelim v0.46.0
   Compiling ssh-encoding-fork-arti v0.2.0
   Compiling hmac v0.12.1
   Compiling sysinfo v0.38.4
   Compiling tor-memquota v0.46.0
   Compiling ssh-cipher-fork-arti v0.2.0
   Compiling darling v0.24.1
   Compiling tor-checkable v0.46.0
   Compiling saturating-time v0.4.0
   Compiling tor-cert v0.46.0
   Compiling serde_with_macros v3.23.0
   Compiling ssh-key-fork-arti v0.6.7
   Compiling hkdf v0.12.4
   Compiling time-core v0.1.9
   Compiling num-conv v0.2.2
   Compiling downcast-rs v2.0.2
   Compiling time-macros v0.2.32
   Compiling tor-units v0.46.0
   Compiling darling_core v0.21.3
   Compiling serde_with v3.23.0
   Compiling tor-key-forge v0.46.0
   Compiling powerfmt v0.2.0
   Compiling deranged v0.5.8
   Compiling data-encoding v2.11.1
   Compiling siphasher v1.0.3
   Compiling tor-hscrypto v0.46.0
   Compiling phf_shared v0.14.0
   Compiling darling_macro v0.21.3
   Compiling time v0.3.55
   Compiling tor-protover v0.46.0
   Compiling fastrand v2.5.0
   Compiling by_address v1.2.1
   Compiling tor-linkspec v0.46.0
   Compiling phf_generator v0.14.0
   Compiling darling v0.21.3
   Compiling zmij v1.0.23
   Compiling phf_macros v0.14.0
   Compiling enumset_derive v0.15.0
   Compiling tor-cell v0.46.0
   Compiling ipnet v2.12.2
   Compiling itoa v1.0.18
   Compiling litemap v0.8.3
   Compiling writeable v0.6.4
   Compiling serde_json v1.0.151
   Compiling icu_locale_core v2.3.0
   Compiling phf v0.14.0
   Compiling iprange v0.6.7
   Compiling enumset v1.1.14
   Compiling potential_utf v0.1.6
   Compiling zerotrie v0.2.5
   Compiling icu_properties_data v2.3.0
   Compiling utf8_iter v1.0.4
   Compiling rangemap v1.8.0
   Compiling icu_normalizer_data v2.3.0
   Compiling hostname-validator v1.1.1
   Compiling rustversion v1.0.23
   Compiling tor-netdoc v0.46.0
   Compiling icu_collections v2.3.0
   Compiling icu_provider v2.3.1
   Compiling zstd-sys v2.1.0+zstd.1.5.7
   Compiling matchers v0.2.0
   Compiling sharded-slab v0.1.7
   Compiling tracing-log v0.2.0
   Compiling thread_local v1.1.10
   Compiling radium v0.7.0
   Compiling nu-ansi-term v0.50.3
   Compiling tracing-subscriber v0.3.23
   Compiling num_enum_derive v0.7.6
   Compiling tracing-test-macro v0.2.6
   Compiling tap v1.0.1
   Compiling wyz v0.5.1
   Compiling num_enum v0.7.6
   Compiling icu_properties v2.3.0
   Compiling tracing-test v0.2.6
   Compiling icu_normalizer v2.3.0
   Compiling sanitize-filename v0.6.0
   Compiling liblzma-sys v0.4.8
   Compiling priority-queue v2.7.0
   Compiling bstr v1.13.1
   Compiling universal-hash v0.6.1
   Compiling fslock-guard v0.8.2
   Compiling serde_bytes v0.11.19
   Compiling os_str_bytes v6.6.1
   Compiling ff v0.13.1
   Compiling filetime v0.2.29
   Compiling assert_matches v1.5.0
   Compiling crc32fast v1.5.2
   Compiling vcpkg v0.2.15
   Compiling funty v2.0.0
   Compiling zstd-safe v8.0.0
   Compiling typed-index-collections v3.5.0
   Compiling tor-netdir v0.46.0
   Compiling enum_dispatch v0.3.13
   Compiling bitvec v1.1.1
   Compiling tor-rtmock v0.46.0
   Compiling tor-persist v0.46.0
   Compiling group v0.13.0
   Compiling shellexpand v3.1.2
   Compiling polyval v0.7.3
   Compiling idna_adapter v1.2.2
   Compiling directories v6.0.0
   Compiling crypto-bigint v0.5.5
   Compiling nonany v0.3.0
   Compiling adler2 v2.0.1
   Compiling simd-adler32 v0.3.10
   Compiling percent-encoding v2.3.2
   Compiling httparse v1.10.1
   Compiling form_urlencoded v1.2.2
   Compiling elliptic-curve v0.13.8
   Compiling miniz_oxide v0.9.1
   Compiling tor-proto v0.46.0
   Compiling tor-config-path v0.46.0
   Compiling idna v1.1.0
   Compiling getset v0.1.7
   Compiling hax-lib v0.3.7
   Compiling arrayvec v0.7.8
   Compiling glob-match v0.2.1
   Compiling inventory v0.3.24
   Compiling rustix v1.1.4
   Compiling tor-keymgr v0.46.0
   Compiling tor-dircommon v0.46.0
   Compiling flate2 v1.1.10
   Compiling zstd v0.14.0
   Compiling url v2.5.8
   Compiling liblzma v0.4.8
   Compiling tor-relay-selection v0.46.0
   Compiling tor-socksproto v0.46.0
   Compiling universal-hash v0.5.1
   Compiling hax-lib-macros v0.3.7
   Compiling tls_codec_derive v0.5.0
   Compiling compression-core v0.4.33
   Compiling linux-raw-sys v0.12.1
   Compiling allocator-api2 v0.2.21
   Compiling opaque-debug v0.3.1
   Compiling http v1.5.0
   Compiling tls_codec v0.5.0
   Compiling compression-codecs v0.4.41
   Compiling tor-chanmgr v0.46.0
   Compiling tor-guardmgr v0.46.0
   Compiling no_std_io2 v0.9.4
   Compiling rfc6979 v0.4.0
   Compiling module-lattice v0.2.3
   Compiling curve25519-dalek v5.0.0
   Compiling bumpalo v3.20.3
   Compiling rle-decode-fast v1.0.3
   Compiling crossbeam-epoch v0.9.21
   Compiling zlib-rs v0.6.7
   Compiling base64 v0.23.1
   Compiling zopfli v0.8.3
   Compiling ureq-proto v0.6.3
   Compiling libflate_lz77 v2.3.0
   Compiling ecdsa v0.16.9
   Compiling tor-circmgr v0.46.0
   Compiling xattr v1.6.1
   Compiling async-compression v0.4.46
   Compiling shake v0.1.0
   Compiling primeorder v0.13.6
   Compiling libsqlite3-sys v0.37.0
   Compiling der v0.8.2
   Compiling foldhash v0.1.5
   Compiling crossbeam-deque v0.8.8
   Compiling utf8-zero v0.8.1
   Compiling dary_heap v0.3.9
   Compiling typed-path v0.12.3
   Compiling libcrux-intrinsics v0.0.8
   Compiling httpdate v1.0.3
   Compiling adler32 v1.2.0
   Compiling zip v8.6.0
   Compiling ureq v3.4.2
   Compiling libflate v2.3.2
   Compiling spki v0.8.0
   Compiling hashbrown v0.15.5
   Compiling tar v0.4.46
   Compiling tor-dirclient v0.46.0
   Compiling openmls_traits v0.6.0
   Compiling libcrux-secrets v0.0.6
   Compiling polyval v0.6.2
   Compiling sha3 v0.11.0
   Compiling kem v0.3.0
   Compiling aead v0.5.2
   Compiling minisign-verify v0.2.5
   Compiling libcrux-sha3 v0.0.10
   Compiling rayon-core v1.13.0
   Compiling libsodium-sys-stable v1.24.0
   Compiling ml-kem v0.3.2
   Compiling ghash v0.5.1
   Compiling libcrux-traits v0.0.8
   Compiling x25519-dalek v3.0.0
   Compiling imara-diff v0.2.0
   Compiling pkcs8 v0.11.0
   Compiling p256 v0.13.2
   Compiling p384 v0.13.1
   Compiling poly1305 v0.8.0
   Compiling hmac v0.13.0
   Compiling signature v3.0.0
   Compiling chacha20 v0.9.1
   Compiling aes v0.8.4
   Compiling ctr v0.9.2
   Compiling hashlink v0.11.1
   Compiling hpke-rs-crypto v0.7.0
   Compiling jni-sys-macros v0.4.1
   Compiling libcrux-platform v0.0.3
   Compiling dtor-proc-macro v0.0.12
   Compiling fallible-streaming-iterator v0.1.9
   Compiling fallible-iterator v0.3.0
   Compiling xxhash-rust v0.8.18
   Compiling jni-sys v0.3.1
   Compiling parking v2.2.1
   Compiling event-listener v5.4.2
   Compiling jni-sys v0.4.1
   Compiling dtor v0.6.0
   Compiling growable-bloom-filter v2.1.1
   Compiling aes-gcm v0.10.3
   Compiling chacha20poly1305 v0.10.1
   Compiling ml-dsa v0.1.1
   Compiling hkdf v0.13.0
   Compiling x-wing v0.1.0
   Compiling tor-consdiff v0.46.0
   Compiling k256 v0.13.4
   Compiling sha2 v0.11.0
   Compiling k12 v0.3.0
   Compiling memmap2 v0.9.11
   Compiling link-section v0.0.12
   Compiling ctor-proc-macro v0.0.12
   Compiling anyhow v1.0.104
   Compiling ctor v0.9.1
   Compiling tempfile v3.27.0
   Compiling tor-hsservice v0.46.0
   Compiling hpke-rs-rust-crypto v0.7.0
   Compiling rayon v1.12.0
   Compiling hpke-rs v0.7.0
   Compiling openmls_serialization_helpers v0.1.0
   Compiling openmls_memory_storage v0.6.0 (/mnt/e/Vibe Coding/NoMessages/native/vendor/openmls_memory_storage)
   Compiling tor-hsclient v0.46.0
   Compiling combine v4.6.8
   Compiling cesu8 v1.1.0
   Compiling ct-codecs v1.1.7
   Compiling jni v0.21.1
   Compiling openmls_rust_crypto v0.6.0
   Compiling openmls v0.9.0
   Compiling openmls_basic_credential v0.6.0
   Compiling rusqlite v0.39.0
   Compiling tor-dirmgr v0.46.0
   Compiling arti-client v0.46.0
   Compiling libsodium-rs v0.2.4
   Compiling nomessages v0.1.0 (/mnt/e/Vibe Coding/NoMessages/native)
    Finished `release` profile [optimized] target(s) in 2m 37s
