   Compiling num-traits v0.2.19
   Compiling proc-macro-crate v3.5.0
   Compiling tracing-attributes v0.1.31
   Compiling const-oid v0.10.2
   Compiling digest v0.11.3
   Compiling num-integer v0.1.47
   Compiling pkcs8 v0.10.2
   Compiling tracing v0.1.44
   Compiling derive_more v2.1.1
   Compiling chacha20 v0.10.2
   Compiling either v1.18.0
   Compiling derive-deftly-macros v1.11.5
   Compiling itertools v0.15.0
   Compiling rand v0.10.2
   Compiling num-bigint v0.4.8
   Compiling sha3 v0.12.0
   Compiling displaydoc v0.2.7
   Compiling humantime v2.4.0
   Compiling enum-ordinalize v3.1.15
   Compiling static_assertions v1.1.0
   Compiling web-time-compat v0.2.1
   Compiling educe v0.4.23
   Compiling retry-error v0.13.1
   Compiling sha2 v0.10.9
   Compiling signature v2.2.0
   Compiling strsim v0.10.0
   Compiling darling_core v0.14.4
   Compiling tor-error v0.46.0
   Compiling derive-deftly v1.11.5
   Compiling curve25519-dalek-derive v0.1.1
   Compiling hex v0.4.3
   Compiling darling_macro v0.14.4
   Compiling rand_chacha v0.10.0
   Compiling spin v0.9.9
   Compiling lazy_static v1.5.0
   Compiling darling v0.14.4
   Compiling curve25519-dalek v4.1.3
   Compiling crossbeam-utils v0.8.23
   Compiling regex-syntax v0.8.11
   Compiling derive_builder_core_fork_arti v0.11.2
   Compiling regex-automata v0.4.18
   Compiling keccak v0.1.6
   Compiling derive_builder_macro_fork_arti v0.11.2
   Compiling rand_chacha v0.3.1
   Compiling mio v1.2.3
   Compiling errno v0.3.14
   Compiling signal-hook-registry v1.4.8
   Compiling derive_builder_fork_arti v0.11.2
   Compiling hashbrown v0.16.1
   Compiling amplify_syn v2.0.1
   Compiling tokio-macros v2.7.2
   Compiling rustls-pki-types v1.15.1
   Compiling pin-project-internal v1.1.13
   Compiling socket2 v0.6.5
   Compiling rustls v0.23.44
   Compiling num-bigint-dig v0.8.6
   Compiling untrusted v0.9.0
   Compiling base16ct v0.2.0
   Compiling minimal-lexical v0.2.1
   Compiling byteorder v1.5.0
   Compiling nom v7.1.3
   Compiling merlin v3.0.0
   Compiling sec1 v0.7.3
   Compiling pin-project v1.1.13
   Compiling rustls-webpki v0.103.15
   Compiling tokio v1.53.1
   Compiling amplify_derive v4.0.1
   Compiling num-iter v0.1.46
   Compiling rand v0.8.8
   Compiling ed25519 v2.2.3
   Compiling inout v0.2.2
   Compiling async_executors v0.7.0
   Compiling inout v0.1.4
   Compiling ascii v1.1.0
   Compiling amplify_num v0.5.4
   Compiling option-ext v0.2.0
   Compiling dirs-sys v0.5.0
   Compiling amplify v4.9.0
   Compiling cipher v0.4.4
   Compiling cipher v0.5.2
   Compiling ed25519-dalek v2.2.0
   Compiling rusticata-macros v4.1.0
   Compiling x25519-dalek v2.0.1
   Compiling tor-memquota-cost v0.46.0
   Compiling tor-general-addr v0.46.0
   Compiling pkcs1 v0.7.5
   Compiling asn1-rs-derive v0.6.0
   Compiling zerofrom-derive v0.1.7
   Compiling blanket v0.3.0
   Compiling thiserror-impl v1.0.69
   Compiling asn1-rs-impl v0.2.0
   Compiling cpubits v0.1.1
   Compiling parking_lot_core v0.9.12
   Compiling asn1-rs v0.7.2
   Compiling thiserror v1.0.69
   Compiling zerofrom v0.1.8
   Compiling futures-rustls v0.26.0
   Compiling rsa v0.9.10
   Compiling tokio-util v0.7.19
   Compiling weak-table v0.4.0
   Compiling sha3 v0.10.9
   Compiling cookie-factory v0.3.3
   Compiling asynchronous-codec v0.7.0
   Compiling yoke-derive v0.8.2
   Compiling async-trait v0.1.92
   Compiling slotmap v1.1.1
   Compiling extend v1.2.0
   Compiling coarsetime v0.1.37
   Compiling jobserver v0.1.35
   Compiling fluid-let v1.0.0
   Compiling stable_deref_trait v1.2.1
   Compiling dyn-clone v1.0.20
   Compiling scopeguard v1.2.0
   Compiling lock_api v0.4.14
   Compiling tor-rtcompat v0.46.0
   Compiling yoke v0.8.3
   Compiling cc v1.4.6
   Compiling safelog v0.9.0
   Compiling der-parser v10.0.0
   Compiling aes v0.9.3
   Compiling ctr v0.10.1
   Compiling dirs v6.0.0
   Compiling sha1 v0.10.7
   Compiling rand_jitter v0.6.1
   Compiling rdrand v0.9.0
   Compiling reseeding_rng v0.10.7
   Compiling visibility v0.1.1
   Compiling same-file v1.0.6
   Compiling inotify-sys v0.1.8
   Compiling tor-llcrypto v0.46.0
   Compiling walkdir v2.5.0
   Compiling parking_lot v0.12.5
   Compiling tor-basic-utils v0.46.0
   Compiling crossbeam-queue v0.3.14
   Compiling serde_spanned v0.6.9
   Compiling toml_datetime v0.6.11
   Compiling uncased v0.9.10
   Compiling zerovec-derive v0.11.6
   Compiling toml_write v0.1.2
   Compiling atomic v0.5.3
   Compiling winnow v0.7.15
   Compiling zerovec v0.11.8
   Compiling postage v0.5.0
   Compiling toml_edit v0.22.27
   Compiling slotmap-careful v0.8.1
   Compiling regex v1.13.1
   Compiling pwd-grp v1.0.2
   Compiling oneshot-fused-workaround v0.7.1
   Compiling figment v0.10.19
   Compiling winnow v1.0.4
   Compiling toml_parser v1.1.3+spec-1.1.0
   Compiling toml v0.8.23
   Compiling fs-mistrust v0.15.1
   Compiling inotify v0.11.5
   Compiling tor-bytes v0.46.0
   Compiling notify-types v2.1.0
   Compiling ordered-float v2.10.1
   Compiling serde_spanned v1.1.1
   Compiling toml_datetime v1.1.1+spec-1.1.0
   Compiling toml_writer v1.1.2+spec-1.1.0
   Compiling caret v0.10.1
   Compiling sync_wrapper v1.0.2
   Compiling strsim v0.11.1
   Compiling tor-async-utils v0.46.0
   Compiling darling_core v0.24.1
   Compiling toml v1.1.6+spec-1.1.0
   Compiling serde-value v0.7.0
   Compiling notify v8.2.0
   Compiling humantime-serde v1.1.1
   Compiling serde_ignored v0.1.14
   Compiling tor-config v0.46.0
   Compiling darling_macro v0.24.1
   Compiling tinystr v0.8.4
   Compiling tor-log-ratelim v0.46.0
   Compiling ssh-encoding-fork-arti v0.2.0
   Compiling hmac v0.12.1
   Compiling sysinfo v0.38.4
   Compiling ssh-cipher-fork-arti v0.2.0
   Compiling tor-memquota v0.46.0
   Compiling darling v0.24.1
   Compiling tor-checkable v0.46.0
   Compiling saturating-time v0.4.0
   Compiling tor-cert v0.46.0
   Compiling serde_with_macros v3.23.0
   Compiling ssh-key-fork-arti v0.6.7
   Compiling hkdf v0.12.4
   Compiling siphasher v1.0.3
   Compiling time-core v0.1.9
   Compiling num-conv v0.2.2
   Compiling downcast-rs v2.0.2
   Compiling tor-key-forge v0.46.0
   Compiling time-macros v0.2.32
   Compiling serde_with v3.23.0
   Compiling tor-units v0.46.0
   Compiling darling_core v0.21.3
   Compiling powerfmt v0.2.0
   Compiling deranged v0.5.8
   Compiling data-encoding v2.11.1
   Compiling tor-hscrypto v0.46.0
   Compiling darling_macro v0.21.3
   Compiling time v0.3.55
   Compiling tor-protover v0.46.0
   Compiling phf_shared v0.14.0
   Compiling by_address v1.2.1
   Compiling fastrand v2.5.0
   Compiling phf_generator v0.14.0
   Compiling tor-linkspec v0.46.0
   Compiling darling v0.21.3
   Compiling zmij v1.0.23
   Compiling enumset_derive v0.15.0
   Compiling tor-cell v0.46.0
   Compiling phf_macros v0.14.0
   Compiling writeable v0.6.4
   Compiling ipnet v2.12.2
   Compiling litemap v0.8.3
   Compiling serde_json v1.0.151
   Compiling iprange v0.6.7
   Compiling icu_locale_core v2.3.0
   Compiling phf v0.14.0
   Compiling enumset v1.1.14
   Compiling potential_utf v0.1.6
   Compiling zerotrie v0.2.5
   Compiling hostname-validator v1.1.1
   Compiling rustversion v1.0.23
   Compiling icu_properties_data v2.3.0
   Compiling utf8_iter v1.0.4
   Compiling rangemap v1.8.0
   Compiling icu_normalizer_data v2.3.0
   Compiling icu_collections v2.3.0
   Compiling tor-netdoc v0.46.0
   Compiling icu_provider v2.3.1
   Compiling zstd-sys v2.1.0+zstd.1.5.7
   Compiling matchers v0.2.0
   Compiling sharded-slab v0.1.7
   Compiling tracing-log v0.2.0
   Compiling thread_local v1.1.10
   Compiling nu-ansi-term v0.50.3
   Compiling radium v0.7.0
   Compiling tracing-subscriber v0.3.23
   Compiling num_enum_derive v0.7.6
   Compiling tracing-test-macro v0.2.6
   Compiling tap v1.0.1
   Compiling wyz v0.5.1
   Compiling tracing-test v0.2.6
   Compiling num_enum v0.7.6
   Compiling icu_normalizer v2.3.0
   Compiling icu_properties v2.3.0
   Compiling sanitize-filename v0.6.0
   Compiling liblzma-sys v0.4.8
   Compiling bstr v1.13.1
   Compiling universal-hash v0.6.1
   Compiling fslock-guard v0.8.2
   Compiling priority-queue v2.7.0
   Compiling serde_bytes v0.11.19
   Compiling os_str_bytes v6.6.1
   Compiling ff v0.13.1
   Compiling crc32fast v1.5.2
   Compiling zstd-safe v8.0.0
   Compiling typed-index-collections v3.5.0
   Compiling assert_matches v1.5.0
   Compiling funty v2.0.0
   Compiling tor-netdir v0.46.0
   Compiling bitvec v1.1.1
   Compiling tor-rtmock v0.46.0
   Compiling shellexpand v3.1.2
   Compiling group v0.13.0
   Compiling tor-persist v0.46.0
   Compiling polyval v0.7.3
   Compiling idna_adapter v1.2.2
   Compiling directories v6.0.0
   Compiling enum_dispatch v0.3.13
   Compiling crypto-bigint v0.5.5
   Compiling simd-adler32 v0.3.10
   Compiling adler2 v2.0.1
   Compiling httparse v1.10.1
   Compiling nonany v0.3.0
   Compiling tor-proto v0.46.0
   Compiling miniz_oxide v0.9.1
   Compiling elliptic-curve v0.13.8
   Compiling tor-config-path v0.46.0
   Compiling idna v1.1.0
   Compiling form_urlencoded v1.2.2
   Compiling getset v0.1.7
   Compiling hax-lib v0.3.7
   Compiling inventory v0.3.24
   Compiling arrayvec v0.7.8
   Compiling glob-match v0.2.1
   Compiling tor-keymgr v0.46.0
   Compiling tor-dircommon v0.46.0
   Compiling url v2.5.8
   Compiling flate2 v1.1.10
   Compiling zstd v0.14.0
   Compiling liblzma v0.4.8
   Compiling tor-relay-selection v0.46.0
   Compiling tor-socksproto v0.46.0
   Compiling universal-hash v0.5.1
   Compiling hax-lib-macros v0.3.7
   Compiling tls_codec_derive v0.5.0
   Compiling opaque-debug v0.3.1
   Compiling compression-core v0.4.33
   Compiling compression-codecs v0.4.41
   Compiling tls_codec v0.5.0
   Compiling tor-guardmgr v0.46.0
   Compiling tor-chanmgr v0.46.0
   Compiling rfc6979 v0.4.0
   Compiling module-lattice v0.2.3
   Compiling curve25519-dalek v5.0.0
   Compiling crossbeam-epoch v0.9.21
   Compiling ecdsa v0.16.9
   Compiling tor-circmgr v0.46.0
   Compiling async-compression v0.4.46
   Compiling primeorder v0.13.6
   Compiling libsqlite3-sys v0.37.0
   Compiling shake v0.1.0
   Compiling der v0.8.2
   Compiling http v1.5.0
   Compiling httpdate v1.0.3
   Compiling libcrux-intrinsics v0.0.8
   Compiling crossbeam-deque v0.8.8
   Compiling foldhash v0.1.5
   Compiling hashbrown v0.15.5
   Compiling spki v0.8.0
   Compiling tor-dirclient v0.46.0
   Compiling openmls_traits v0.6.0
   Compiling libcrux-secrets v0.0.6
   Compiling polyval v0.6.2
   Compiling sha3 v0.11.0
   Compiling kem v0.3.0
   Compiling aead v0.5.2
   Compiling rustix v1.1.4
   Compiling libcrux-sha3 v0.0.10
   Compiling rayon-core v1.13.0
   Compiling libsodium-sys-stable v1.24.0
   Compiling ml-kem v0.3.2
   Compiling ghash v0.5.1
   Compiling libcrux-traits v0.0.8
   Compiling x25519-dalek v3.0.0
   Compiling pkcs8 v0.11.0
   Compiling imara-diff v0.2.0
   Compiling p256 v0.13.2
   Compiling p384 v0.13.1
   Compiling poly1305 v0.8.0
   Compiling signature v3.0.0
   Compiling hmac v0.13.0
   Compiling chacha20 v0.9.1
   Compiling ctr v0.9.2
   Compiling aes v0.8.4
   Compiling hashlink v0.11.1
   Compiling hpke-rs-crypto v0.7.0
   Compiling libcrux-platform v0.0.3
   Compiling jni-sys-macros v0.4.1
   Compiling xxhash-rust v0.8.18
   Compiling fallible-iterator v0.3.0
   Compiling fallible-streaming-iterator v0.1.9
   Compiling parking v2.2.1
   Compiling event-listener v5.4.2
   Compiling rusqlite v0.39.0
   Compiling jni-sys v0.4.1
   Compiling growable-bloom-filter v2.1.1
   Compiling aes-gcm v0.10.3
   Compiling chacha20poly1305 v0.10.1
   Compiling hkdf v0.13.0
   Compiling ml-dsa v0.1.1
   Compiling x-wing v0.1.0
   Compiling tor-consdiff v0.46.0
   Compiling k256 v0.13.4
   Compiling sha2 v0.11.0
   Compiling k12 v0.3.0
   Compiling memmap2 v0.9.11
   Compiling tempfile v3.27.0
   Compiling tor-dirmgr v0.46.0
   Compiling tor-hsservice v0.46.0
   Compiling hpke-rs-rust-crypto v0.7.0
   Compiling rayon v1.12.0
   Compiling hpke-rs v0.7.0
   Compiling jni-sys v0.3.1
   Compiling openmls_memory_storage v0.6.0 (/root/projects/nomessages/native/vendor/openmls_memory_storage)
   Compiling tor-hsclient v0.46.0
   Compiling combine v4.6.8
   Compiling openmls_serialization_helpers v0.1.0
   Compiling libsodium-rs v0.2.4
   Compiling openmls v0.9.0
   Compiling jni v0.21.1
   Compiling arti-client v0.46.0
   Compiling openmls_rust_crypto v0.6.0
   Compiling openmls_basic_credential v0.6.0
   Compiling nomessages v0.1.0 (/root/projects/nomessages/native)
    Finished `test` profile [unoptimized] target(s) in 23m 24s
     Running unittests src/lib.rs (/tmp/nomessages-libsodium122-target/debug/deps/nomessages-e9301f13f9e20493)

running 5 tests
test tor::tests::closing_connection_cancels_an_unflushed_reply ... ok
test tor::tests::onions_are_stable_distinct_and_only_destinations ... ok
test tor::tests::reply_acknowledges_write_and_rejects_oversized_frame ... ok
test tor::tests::stale_start_cleanup_preserves_new_generation ... ok
test wire::tests::untrusted_lengths_do_not_allocate ... ok

test result: ok. 5 passed; 0 failed; 0 ignored; 0 measured; 10 filtered out; finished in 0.02s

     Running tests/mls_roundtrip.rs (/tmp/nomessages-libsodium122-target/debug/deps/mls_roundtrip-f519e6fdf820b949)

running 3 tests
test late_application_is_accepted_only_within_two_retained_epochs ... ok
test membership_and_snapshot_boundaries_fail_closed ... ok
test three_members_persist_authenticate_remove_and_reject_replay ... ok

test result: ok. 3 passed; 0 failed; 0 ignored; 0 measured; 0 filtered out; finished in 1.46s

     Running tests/tor_live.rs (/tmp/nomessages-libsodium122-target/debug/deps/tor_live-10b505c7f6fda864)

running 1 test
test onion_self_roundtrip_replies_and_stops ... ignored, requires live Tor bootstrap and descriptor publication

test result: ok. 0 passed; 0 failed; 1 ignored; 0 measured; 0 filtered out; finished in 0.00s

   Doc-tests nomessages

running 0 tests

test result: ok. 0 passed; 0 failed; 0 ignored; 0 measured; 0 filtered out; finished in 0.00s

