   Compiling ring v0.17.14
   Compiling rustls v0.23.44
   Compiling rustls-webpki v0.103.15
   Compiling futures-rustls v0.26.0
   Compiling tor-rtcompat v0.46.0
   Compiling tor-async-utils v0.46.0
   Compiling tor-config v0.46.0
   Compiling tor-log-ratelim v0.46.0
   Compiling tor-persist v0.46.0
   Compiling tor-memquota v0.46.0
   Compiling tor-rtmock v0.46.0
   Compiling tor-units v0.46.0
   Compiling tor-linkspec v0.46.0
   Compiling tor-hscrypto v0.46.0
   Compiling tor-cell v0.46.0
   Compiling tor-keymgr v0.46.0
   Compiling tor-netdoc v0.46.0
   Compiling tor-proto v0.46.0
   Compiling tor-netdir v0.46.0
   Compiling tor-relay-selection v0.46.0
   Compiling tor-dircommon v0.46.0
   Compiling tor-chanmgr v0.46.0
   Compiling tor-guardmgr v0.46.0
   Compiling tor-consdiff v0.46.0
   Compiling tor-circmgr v0.46.0
   Compiling tor-dirclient v0.46.0
   Compiling tor-hsclient v0.46.0
   Compiling tor-dirmgr v0.46.0
   Compiling tor-hsservice v0.46.0
   Compiling arti-client v0.46.0
   Compiling nomessages v0.1.0 (/root/projects/nomessages/native)
    Finished `test` profile [unoptimized] target(s) in 7m 17s
  Executable tests/tor_live.rs (/tmp/nomessages-libsodium122-target/debug/deps/tor_live-707a9775a4b1cb7f)
