 Downloading crates ...
  Downloaded futures-task v0.3.34
  Downloaded futures-core v0.3.34
  Downloaded inout v0.2.2
  Downloaded sanitize-filename v0.6.0
  Downloaded glob-match v0.2.1
  Downloaded httpdate v1.0.3
  Downloaded growable-bloom-filter v2.1.1
  Downloaded xxhash-rust v0.8.18
  Downloaded fallible-streaming-iterator v0.1.9
  Downloaded tempfile v3.27.0
  Downloaded foldhash v0.1.5
  Downloaded async-compression v0.4.46
  Downloaded tor-hsclient v0.46.0
  Downloaded idna v1.1.0
  Downloaded tor-circmgr v0.46.0
  Downloaded tor-dirmgr v0.46.0
  Downloaded icu_properties_data v2.3.0
  Downloaded hashbrown v0.15.5
  Downloaded time v0.3.55
  Downloaded imara-diff v0.2.0
  Downloaded rusqlite v0.39.0
  Downloaded syn v1.0.109
  Downloaded tor-hsservice v0.46.0
  Downloaded bstr v1.13.1
  Downloaded rustls v0.23.44
  Downloaded bitvec v1.1.1
  Downloaded chrono v0.4.45
  Downloaded tracing v0.1.44
  Downloaded aho-corasick v1.1.5
  Downloaded tor-netdoc v0.46.0
  Downloaded postage v0.5.0
  Downloaded serde_with v3.23.0
  Downloaded regex v1.13.1
  Downloaded winnow v1.0.4
  Downloaded icu_normalizer v2.3.0
  Downloaded tor-proto v0.46.0
  Downloaded futures-util v0.3.34
  Downloaded arti-client v0.46.0
  Downloaded jiff v0.2.37
  Downloaded regex-automata v0.4.18
  Downloaded icu_properties v2.3.0
  Downloaded tor-chanmgr v0.46.0
  Downloaded tor-guardmgr v0.46.0
  Downloaded tor-config v0.46.0
  Downloaded derive-deftly-macros v1.11.5
  Downloaded zstd-sys v2.1.0+zstd.1.5.7
  Downloaded sha3 v0.10.9
  Downloaded itertools v0.15.0
  Downloaded libm v0.2.16
  Downloaded tokio-util v0.7.19
  Downloaded zerotrie v0.2.5
  Downloaded tokio v1.53.1
  Downloaded ssh-key-fork-arti v0.6.7
  Downloaded sysinfo v0.38.4
  Downloaded derive-deftly v1.11.5
  Downloaded num-bigint v0.4.8
  Downloaded unicode-segmentation v1.13.3
  Downloaded tor-consdiff v0.46.0
  Downloaded icu_locale_core v2.3.0
  Downloaded tor-netdir v0.46.0
  Downloaded zerovec v0.11.8
  Downloaded p521 v0.13.3
  Downloaded hashbrown v0.12.3
  Downloaded tracing-subscriber v0.3.23
  Downloaded tor-memquota v0.46.0
  Downloaded rustls-webpki v0.103.15
  Downloaded mio v1.2.3
  Downloaded derive_more-impl v2.1.1
  Downloaded tor-rtcompat v0.46.0
  Downloaded parking v2.2.1
  Downloaded event-listener v5.4.2
  Downloaded memmap2 v0.9.11
  Downloaded fallible-iterator v0.3.0
  Downloaded hashlink v0.11.1
  Downloaded miniz_oxide v0.9.1
  Downloaded icu_normalizer_data v2.3.0
  Downloaded icu_collections v2.3.0
  Downloaded icu_provider v2.3.1
  Downloaded url v2.5.8
  Downloaded bincode v2.0.1
  Downloaded rangemap v1.8.0
  Downloaded tor-keymgr v0.46.0
  Downloaded ring v0.17.14
  Downloaded tor-cell v0.46.0
  Downloaded tor-hscrypto v0.46.0
  Downloaded tor-linkspec v0.46.0
  Downloaded jiff-core v0.1.1
  Downloaded socket2 v0.6.5
  Downloaded derive_more v2.1.1
  Downloaded tor-socksproto v0.46.0
  Downloaded writeable v0.6.4
  Downloaded tor-dircommon v0.46.0
  Downloaded tor-dirclient v0.46.0
  Downloaded typed-index-collections v3.5.0
  Downloaded darling_core v0.21.3
  Downloaded yoke v0.8.3
  Downloaded tor-key-forge v0.46.0
  Downloaded tinyvec v1.13.3
  Downloaded liblzma-sys v0.4.8
  Downloaded nom v7.1.3
  Downloaded toml v1.1.6+spec-1.1.0
  Downloaded tor-basic-utils v0.46.0
  Downloaded weak-table v0.4.0
  Downloaded tor-log-ratelim v0.46.0
  Downloaded toml_edit v0.25.15+spec-1.1.0
  Downloaded tor-units v0.46.0
  Downloaded async_executors v0.7.0
  Downloaded derive_builder_fork_arti v0.11.2
  Downloaded pin-project v1.1.13
  Downloaded k12 v0.3.0
  Downloaded adler2 v2.0.1
  Downloaded liblzma v0.4.8
  Downloaded zstd v0.14.0
  Downloaded zstd-safe v8.0.0
  Downloaded litemap v0.8.3
  Downloaded darling v0.21.3
  Downloaded iprange v0.6.7
  Downloaded phf_shared v0.14.0
  Downloaded phf v0.14.0
  Downloaded schemars v1.2.2
  Downloaded darling_core v0.24.1
  Downloaded aes v0.9.3
  Downloaded lock_api v0.4.14
  Downloaded parking_lot_core v0.9.12
  Downloaded parking_lot v0.12.5
  Downloaded toml_writer v1.1.2+spec-1.1.0
  Downloaded toml_parser v1.1.3+spec-1.1.0
  Downloaded amplify_derive v4.0.1
  Downloaded amplify_num v0.5.4
  Downloaded ascii v1.1.0
  Downloaded amplify v4.9.0
  Downloaded blanket v0.3.0
  Downloaded darling_core v0.14.4
  Downloaded derive_builder_core_fork_arti v0.11.2
  Downloaded educe v0.4.23
  Downloaded futures v0.3.34
  Downloaded tracing-core v0.1.36
  Downloaded compression-codecs v0.4.41
  Downloaded compression-core v0.4.33
  Downloaded num_enum_derive v0.7.6
  Downloaded rustversion v1.0.23
  Downloaded num_enum v0.7.6
  Downloaded fastrand v2.5.0
  Downloaded phf_macros v0.14.0
  Downloaded stable_deref_trait v1.2.1
  Downloaded yoke-derive v0.8.2
  Downloaded zerofrom-derive v0.1.7
  Downloaded zerofrom v0.1.8
  Downloaded tor-relay-selection v0.46.0
  Downloaded tor-persist v0.46.0
  Downloaded by_address v1.2.1
  Downloaded caret v0.10.1
  Downloaded schemars v0.9.0
  Downloaded asn1-rs v0.7.2
  Downloaded minimal-lexical v0.2.1
  Downloaded num-bigint-dig v0.8.6
  Downloaded tor-rtmock v0.46.0
  Downloaded tor-async-utils v0.46.0
  Downloaded winnow v0.7.15
  Downloaded pwd-grp v1.0.2
  Downloaded scopeguard v1.2.0
  Downloaded smallvec v1.16.1
  Downloaded toml_datetime v1.1.1+spec-1.1.0
  Downloaded tor-memquota-cost v0.46.0
  Downloaded amplify_syn v2.0.1
  Downloaded async-trait v0.1.92
  Downloaded rustls-pki-types v1.15.1
  Downloaded futures-channel v0.3.34
  Downloaded humantime v2.4.0
  Downloaded tor-error v0.46.0
  Downloaded pin-project-lite v0.2.17
  Downloaded tracing-attributes v0.1.31
  Downloaded once_cell v1.21.4
  Downloaded web-time-compat v0.2.1
  Downloaded form_urlencoded v1.2.2
  Downloaded potential_utf v0.1.6
  Downloaded idna_adapter v1.2.2
  Downloaded utf8_iter v1.0.4
  Downloaded getset v0.1.7
  Downloaded unty v0.0.4
  Downloaded darling_macro v0.21.3
  Downloaded enumset_derive v0.15.0
  Downloaded enumset v1.1.14
  Downloaded hostname-validator v1.1.1
  Downloaded ipnet v2.12.2
  Downloaded phf_generator v0.14.0
  Downloaded siphasher v1.0.3
  Downloaded zerovec-derive v0.11.6
  Downloaded tinystr v0.8.4
  Downloaded arrayvec v0.7.8
  Downloaded directories v6.0.0
  Downloaded os_str_bytes v6.6.1
  Downloaded tor-config-path v0.46.0
  Downloaded wyz v0.5.1
  Downloaded polyval v0.7.3
  Downloaded tor-checkable v0.46.0
  Downloaded indexmap v1.9.3
  Downloaded darling v0.24.1
  Downloaded rand v0.8.8
  Downloaded tor-protover v0.46.0
  Downloaded fs-mistrust v0.15.1
  Downloaded serde-value v0.7.0
  Downloaded serde_ignored v0.1.14
  Downloaded darling v0.14.4
  Downloaded derive_builder_macro_fork_arti v0.11.2
  Downloaded num-integer v0.1.47
  Downloaded futures-rustls v0.26.0
  Downloaded pin-project-internal v1.1.13
  Downloaded jobserver v0.1.35
  Downloaded signal-hook-registry v1.4.8
  Downloaded futures-executor v0.3.34
  Downloaded slab v0.4.12
  Downloaded paste v1.0.15
  Downloaded retry-error v0.13.1
  Downloaded static_assertions v1.1.0
  Downloaded strum_macros v0.28.0
  Downloaded convert_case v0.10.0
  Downloaded inventory v0.3.24
  Downloaded shellexpand v3.1.2
  Downloaded fslock-guard v0.8.2
  Downloaded enum_dispatch v0.3.13
  Downloaded nonany v0.3.0
  Downloaded data-encoding v2.11.1
  Downloaded ssh-cipher-fork-arti v0.2.0
  Downloaded ssh-encoding-fork-arti v0.2.0
  Downloaded saturating-time v0.4.0
  Downloaded tor-cert v0.46.0
  Downloaded iana-time-zone v0.1.65
  Downloaded bitflags v1.3.2
  Downloaded defmt-parser v1.0.0
  Downloaded defmt v1.1.1
  Downloaded serde_with_macros v3.23.0
  Downloaded deranged v0.5.8
  Downloaded time-macros v0.2.32
  Downloaded der-parser v10.0.0
  Downloaded rdrand v0.9.0
  Downloaded reseeding_rng v0.10.7
  Downloaded rsa v0.9.10
  Downloaded fluid-let v1.0.0
  Downloaded safelog v0.9.0
  Downloaded slotmap-careful v0.8.1
  Downloaded ordered-float v2.10.1
  Downloaded serde_spanned v1.1.1
  Downloaded extend v1.2.0
  Downloaded proc-macro-crate v3.5.0
  Downloaded tor-general-addr v0.46.0
  Downloaded funty v2.0.0
  Downloaded radium v0.7.0
  Downloaded tap v1.0.1
  Downloaded universal-hash v0.6.1
  Downloaded downcast-rs v2.0.2
  Downloaded bs58 v0.5.1
  Downloaded defmt-macros v1.1.1
  Downloaded ref-cast-impl v1.0.27
  Downloaded ref-cast v1.0.27
  Downloaded strsim v0.11.1
  Downloaded darling_macro v0.24.1
  Downloaded powerfmt v0.2.0
  Downloaded num-conv v0.2.2
  Downloaded time-core v0.1.9
  Downloaded cpubits v0.1.1
  Downloaded cipher v0.5.2
  Downloaded ctr v0.10.1
  Downloaded synstructure v0.13.2
  Downloaded cookie-factory v0.3.3
  Downloaded displaydoc v0.2.7
  Downloaded byteorder v1.5.0
  Downloaded rand_jitter v0.6.1
  Downloaded pkcs1 v0.7.5
  Downloaded tor-llcrypto v0.46.0
  Downloaded priority-queue v2.7.0
  Downloaded spin v0.9.9
  Downloaded sharded-slab v0.1.7
  Downloaded slotmap v1.1.1
  Downloaded visibility v0.1.1
  Downloaded strsim v0.10.0
  Downloaded dyn-clone v1.0.20
  Downloaded enum-ordinalize v3.1.15
  Downloaded untrusted v0.9.0
  Downloaded tokio-macros v2.7.2
  Downloaded futures-io v0.3.34
  Downloaded futures-sink v0.3.34
  Downloaded asn1-rs-derive v0.6.0
  Downloaded asn1-rs-impl v0.2.0
  Downloaded rusticata-macros v4.1.0
  Downloaded merlin v3.0.0
  Downloaded num-iter v0.1.46
  Downloaded sha1 v0.10.7
  Downloaded keccak v0.1.6
  Downloaded tor-bytes v0.46.0
  Downloaded assert_matches v1.5.0
  Downloaded matchers v0.2.0
  Downloaded nu-ansi-term v0.50.3
  Downloaded lazy_static v1.5.0
  Downloaded thread_local v1.1.10
  Downloaded tracing-log v0.2.0
  Downloaded tracing-test-macro v0.2.6
  Downloaded tracing-test v0.2.6
  Downloaded oneshot-fused-workaround v0.7.1
  Downloaded sync_wrapper v1.0.2
  Downloaded serde_spanned v0.6.9
  Downloaded toml_datetime v0.6.11
  Downloaded toml_write v0.1.2
  Downloaded toml_edit v0.22.27
  Downloaded toml v0.8.23
  Downloaded uncased v0.9.10
  Downloaded figment v0.10.19
  Downloaded option-ext v0.2.0
  Downloaded dirs-sys v0.5.0
  Downloaded dirs v6.0.0
  Downloaded humantime-serde v1.1.1
  Downloaded inotify-sys v0.1.8
  Downloaded inotify v0.11.5
  Downloaded notify-types v2.1.0
  Downloaded libsqlite3-sys v0.37.0
  Downloaded notify v8.2.0
  Downloaded atomic v0.5.3
  Downloaded crossbeam-queue v0.3.14
  Downloaded regex-syntax v0.8.11
  Downloaded asynchronous-codec v0.7.0
  Downloaded coarsetime v0.1.37
  Downloaded fnv v1.0.7
  Downloaded ident_case v1.0.1
  Downloaded darling_macro v0.14.4
  Downloaded hex v0.4.3
  Downloaded futures-macro v0.3.34
  Downloaded heck v0.5.0
  Downloaded strum v0.28.0
  Downloaded unicode-xid v0.2.6
  Downloaded void v1.0.2
