ELF Header:
  Magic:   7f 45 4c 46 02 01 01 00 00 00 00 00 00 00 00 00
  Class:                             ELF64
  Data:                              2's complement, little endian
  Version:                           1 (current)
  OS/ABI:                            UNIX - System V
  ABI Version:                       0
  Type:                              DYN (Shared object file)
  Machine:                           AArch64
  Version:                           0x1
  Entry point address:               0x0
  Start of program headers:          64 (bytes into file)
  Start of section headers:          3608 (bytes into file)
  Flags:                             0x0
  Size of this header:               64 (bytes)
  Size of program headers:           56 (bytes)
  Number of program headers:         9
  Size of section headers:           64 (bytes)
  Number of section headers:         22
  Section header string table index: 20

Elf file type is DYN (Shared object file)
Entry point 0x0
There are 9 program headers, starting at offset 64

Program Headers:
  Type           Offset   VirtAddr           PhysAddr           FileSiz  MemSiz   Flg Align
  PHDR           0x000040 0x0000000000000040 0x0000000000000040 0x0001f8 0x0001f8 R   0x8
  LOAD           0x000000 0x0000000000000000 0x0000000000000000 0x000570 0x000570 R   0x4000
  LOAD           0x000570 0x0000000000004570 0x0000000000004570 0x0000c0 0x0000c0 R E 0x4000
  LOAD           0x000630 0x0000000000008630 0x0000000000008630 0x0001b8 0x0009d0 RW  0x4000
  DYNAMIC        0x000648 0x0000000000008648 0x0000000000008648 0x000170 0x000170 RW  0x8
  GNU_RELRO      0x000630 0x0000000000008630 0x0000000000008630 0x0001b8 0x0009d0 R   0x1
  GNU_EH_FRAME   0x000480 0x0000000000000480 0x0000000000000480 0x000044 0x000044 R   0x4
  GNU_STACK      0x000000 0x0000000000000000 0x0000000000000000 0x000000 0x000000 RW  0x0
  NOTE           0x000238 0x0000000000000238 0x0000000000000238 0x000098 0x000098 R   0x4

 Section to Segment mapping:
  Segment Sections...
   00     
   01     .note.android.ident .dynsym .gnu.version .gnu.version_r .gnu.hash .dynstr .rela.dyn .rela.plt .eh_frame_hdr .eh_frame 
   02     .text .plt 
   03     .data.rel.ro .fini_array .dynamic .got.plt .relro_padding 
   04     .dynamic 
   05     .data.rel.ro .fini_array .dynamic .got.plt .relro_padding 
   06     .eh_frame_hdr 
   07     
   08     .note.android.ident 
   None   .comment .symtab .shstrtab .strtab 
